

Tue Jan 12 13:49:02 2021
Command line: TestDisk

TestDisk 7.1, Data Recovery Utility, July 2019
Christophe GRENIER <grenier@cgsecurity.org>
https://www.cgsecurity.org
OS: Linux, kernel 5.4.0-60-generic (#67-Ubuntu SMP Tue Jan 5 18:31:36 UTC 2021) x86_64
Compiler: GCC 9.2
ext2fs lib: 1.45.5, ntfs lib: libntfs-3g, reiserfs lib: none, ewf lib: none, curses lib: ncurses 6.1
/dev/sda: LBA, HPA, LBA48 support
/dev/sda: size       1000215216 sectors
/dev/sda: user_max   1000215216 sectors
/dev/sda: native_max 1000215216 sectors
Warning: can't get size for Disk /dev/mapper/control - 0 B - 0 sectors, sector size=512
Warning: can't get size for Disk /dev/loop23 - 0 B - 0 sectors, sector size=512
Hard disk list
Disk /dev/sda - 512 GB / 476 GiB - CHS 62260 255 63, sector size=512 - SSD 512GB, S/N:201911190008, FW:R0822A0
Disk /dev/loop0 - 153 MB / 146 MiB - 300120 sectors (RO), sector size=512
Disk /dev/loop1 - 124 MB / 118 MiB - 242568 sectors (RO), sector size=512
Disk /dev/loop10 - 26 MB / 25 MiB - 52288 sectors (RO), sector size=512
Disk /dev/loop11 - 64 MB / 61 MiB - 126224 sectors (RO), sector size=512
Disk /dev/loop12 - 183 MB / 175 MiB - 359216 sectors (RO), sector size=512
Disk /dev/loop13 - 183 MB / 175 MiB - 359032 sectors (RO), sector size=512
Disk /dev/loop14 - 70 MB / 67 MiB - 138368 sectors (RO), sector size=512
Disk /dev/loop15 - 59 MB / 57 MiB - 117128 sectors (RO), sector size=512
Disk /dev/loop16 - 26 MB / 25 MiB - 52264 sectors (RO), sector size=512
Disk /dev/loop17 - 90 MB / 86 MiB - 177552 sectors (RO), sector size=512
Disk /dev/loop18 - 67 MB / 64 MiB - 132648 sectors (RO), sector size=512
Disk /dev/loop19 - 134 MB / 128 MiB - 262824 sectors (RO), sector size=512
Disk /dev/loop2 - 124 MB / 118 MiB - 242432 sectors (RO), sector size=512
Disk /dev/loop20 - 32 MB / 31 MiB - 63672 sectors (RO), sector size=512
Disk /dev/loop21 - 32 MB / 31 MiB - 63616 sectors (RO), sector size=512
Disk /dev/loop22 - 64 MB / 61 MiB - 126144 sectors (RO), sector size=512
Disk /dev/loop3 - 150 MB / 143 MiB - 294528 sectors (RO), sector size=512
Disk /dev/loop4 - 102 MB / 97 MiB - 200416 sectors (RO), sector size=512
Disk /dev/loop5 - 102 MB / 97 MiB - 200464 sectors (RO), sector size=512
Disk /dev/loop6 - 58 MB / 55 MiB - 113424 sectors (RO), sector size=512
Disk /dev/loop7 - 58 MB / 55 MiB - 113384 sectors (RO), sector size=512
Disk /dev/loop8 - 170 MB / 162 MiB - 333552 sectors (RO), sector size=512
Disk /dev/loop9 - 67 MB / 64 MiB - 131792 sectors (RO), sector size=512

Partition table type (auto): EFI GPT
Disk /dev/sda - 512 GB / 476 GiB - SSD 512GB
Partition table type: Intel

Interface Advanced
Geometry from i386 MBR: head=256 sector=63
check_part_i386 1 type EE: no test
 1 P EFI GPT                  0   0  2 62260 131 63 1000215215

Analyse Disk /dev/sda - 512 GB / 476 GiB - CHS 62260 255 63
Geometry from i386 MBR: head=256 sector=63
check_part_i386 1 type EE: no test
Current partition structure:
 1 P EFI GPT                  0   0  2 62260 131 63 1000215215

Warning: Bad ending head (CHS and LBA don't match)
No partition is bootable

search_part()
Disk /dev/sda - 512 GB / 476 GiB - CHS 62260 255 63
FAT32 at 0/32/33
FAT1 : 6654-7422
FAT2 : 7423-8191
start_rootdir : 8192 root cluster : 2
Data : 8192-204799
sectors : 204800
cluster_size : 2
no_of_cluster : 98304 (2 - 98305)
fat_length 769 calculated 769
set_FAT_info: name from BS used

FAT32 at 0/32/33
FAT: cluster=2(0x2), pos=10240
     FAT32                    0  32 33    12 223 19     204800 [EFI System Partition] [NO NAME]
     FAT32, blocksize=1024, 104 MB / 100 MiB
NTFS at 14/233/28
filesystem size           499205351
sectors_per_cluster       8
mft_lcn                   786432
mftmirr_lcn               2
clusters_per_mft_record   -10
clusters_per_index_record 1
     HPFS - NTFS             14 233 28 31089   2 56  499205351
     NTFS, blocksize=4096, 255 GB / 238 GiB

recover_EXT2: s_block_group_nr=0/1906, s_mnt_count=200/4294967295, s_blocks_per_group=32768, s_inodes_per_group=8192
recover_EXT2: s_blocksize=4096
recover_EXT2: s_blocks_count 62463623
recover_EXT2: part_size 499708984
Filesystem created: Thu Sep 24 16:14:11 2020
Last mount time:    Tue Jan 12 12:08:48 2021
     Linux                31089  15 31 62194 129  7  499708984
     ext4 blocksize=4096 Large_file Sparse_SB Recover, 255 GB / 238 GiB
NTFS at 62194/176/63
filesystem size           1054720
sectors_per_cluster       8
mft_lcn                   43946
mftmirr_lcn               2
clusters_per_mft_record   -10
clusters_per_index_record 1
     HPFS - NTFS          62194 176 63 62260  88 36    1054720
     NTFS, blocksize=4096, 540 MB / 515 MiB
NTFS at 62260/121/5
filesystem size           999974912
sectors_per_cluster       8
mft_lcn                   786432
mftmirr_lcn               2
clusters_per_mft_record   -10
clusters_per_index_record 1
     HPFS - NTFS             14 233 28 62260 121  5  999974912
     NTFS found using backup sector, blocksize=4096, 511 GB / 476 GiB
NTFS at 62260/121/5
filesystem size           999974912
sectors_per_cluster       8
mft_lcn                   786432
mftmirr_lcn               2
clusters_per_mft_record   -10
clusters_per_index_record 1
NTFS: Can't read MFT
     HPFS - NTFS          62260 121  5 124506   8 45  999974912
     NTFS, blocksize=4096, 511 GB / 476 GiB
This partition ends after the disk limits. (start=1000214527, size=999974912, end=2000189438, disk end=1000215216)
Disk /dev/sda - 512 GB / 476 GiB - CHS 62260 255 63
Check the harddisk size: HD jumper settings, BIOS detection...
The harddisk (512 GB / 476 GiB) seems too small! (< 1024 GB / 953 GiB)
The following partition can't be recovered:
     HPFS - NTFS          62260 121  5 124506   8 45  999974912
     NTFS, blocksize=4096, 511 GB / 476 GiB
SIGINT detected! TestDisk has been killed.
